Warning: Layer 'M1' is missing the optional 'edge capacitance' attribute. (PSYN-101)
Warning: Layer 'M2' is missing the optional 'edge capacitance' attribute. (PSYN-101)
Warning: Layer 'M3' is missing the optional 'edge capacitance' attribute. (PSYN-101)
Warning: Layer 'M4' is missing the optional 'edge capacitance' attribute. (PSYN-101)
Warning: Layer 'M5' is missing the optional 'edge capacitance' attribute. (PSYN-101)
Warning: Layer 'M6' is missing the optional 'edge capacitance' attribute. (PSYN-101)
Warning: Layer 'M7' is missing the optional 'edge capacitance' attribute. (PSYN-101)
Warning: Layer 'M8' is missing the optional 'edge capacitance' attribute. (PSYN-101)
Warning: Layer 'M9' is missing the optional 'edge capacitance' attribute. (PSYN-101)
Warning: Layer 'M10' is missing the optional 'edge capacitance' attribute. (PSYN-101)
Warning: Layer 'AP' is missing the optional 'edge capacitance' attribute. (PSYN-101)
 
****************************************
Report : area
Design : top_level
Version: L-2016.03-SP1
Date   : Sat Mar 11 14:06:02 2017
****************************************

Library(s) Used:

    tcbn45gsbwptc_ccs (File: /home/library/tsmc_library/45nm/nominal_vt/digital/Front_End/timing_power_noise/CCS/tcbn45gsbwp_120a/tcbn45gsbwptc_ccs.db)

Number of ports:                          530
Number of nets:                          4085
Number of cells:                         3326
Number of combinational cells:           2798
Number of sequential cells:               528
Number of macros/black boxes:               0
Number of buf/inv:                        571
Number of references:                      30

Combinational area:               3816.414113
Buf/Inv area:                      306.583210
Noncombinational area:            1880.424062
Macro/Black Box area:                0.000000
Net Interconnect area:      undefined  (Wire load has zero net area)

Total cell area:                  5696.838175
Total area:                 undefined

Core Area:                      9645
Aspect Ratio:                 1.0014
Utilization Ratio:            0.5906


The above information was reported from the logical library. The following are from the physical library:

  Total moveable cell area: 5696.8
  Total fixed cell area: 0.0
  Total physical cell area: 5696.8
 Core area: 0.000, 0.000, 98.140, 98.280
1
